// Jest Snapshot v1, https://goo.gl/fbAQLP

exports[`<App /> renders component correctly 1`] = `
<div>
  <div
    class="css-1q0vk5q"
  >
    <header
      class="css-1q0mmvi"
    >
      <img
        alt="logo"
        class="App-logo css-23r90p"
        src="logo.svg"
      />
      <p>
        Edit 
        <code>
          src/App.tsx
        </code>
         and save to reload.
      </p>
      <a
        class="css-1uj10f5"
        href="https://reactjs.org"
        rel="noopener noreferrer"
        target="_blank"
      >
        Learn React
      </a>
    </header>
  </div>
</div>
`;
